// Jest Snapshot v1, https://goo.gl/fbAQLP

exports[`Dish component matches the snapshot 1`] = `
<DocumentFragment>
  <div
    class="dish"
  >
    <img
      alt=""
      class="photo"
      src="undefinedhttp://127.0.0.1:8000/media/img/food/ChikenHell.png"
    />
    <img
      alt=""
      class="like"
      src="undefined/media/img/Heart.svg"
    />
    <div
      class="info"
    >
      <div
        class="item-cat"
      >
        <div
          style="background-color: rgba(238, 0, 255, 0.32); color: rgb(255, 0, 242);"
        >
          Asian
        </div>
        <h4>
          Chicken Hell
        </h4>
      </div>
      <div
        class="time-rating"
      >
        <p>
          ~30min
        </p>
        <div>
          <img
            alt=""
            src="undefined/media/img/Star.svg"
          />
          <p
            data-testid="item-rate"
          >
            4.8
          </p>
        </div>
      </div>
      <div
        class="price-add"
      >
        <h5
          data-testid="item-cost"
        >
          12
          <span>
            .99
          </span>
        </h5>
        <button
          data-testid="add-to-cart-button"
        >
          <img
            alt=""
            src="undefined/media/img/AddToCart.svg"
          />
        </button>
      </div>
    </div>
  </div>
</DocumentFragment>
`;
