// Jest Snapshot v1, https://goo.gl/fbAQLP

exports[`Header component matches the snapshot 1`] = `
<DocumentFragment>
  <div
    class="base-header"
  >
    <div
      id="first-part"
    >
      <div
        id="logo"
      >
        <a
          href="/"
        >
          <img
            alt=""
            src="test-file-stub"
          />
          <h4>
            eatly
          </h4>
        </a>
      </div>
      <nav>
        <ul>
          <li>
            <a
              class="active"
              href="/menu/"
            >
              Menu
            </a>
          </li>
          <li>
            <a
              class="disabled"
              href="/blog/"
            >
              Blog
            </a>
          </li>
          <li>
            <a
              class="disabled"
              href="/pricing/"
            >
              Pricing
            </a>
          </li>
          <li>
            <a
              class="disabled"
              href="/support/"
            >
              Contact
            </a>
          </li>
          <li>
            <a
              class="disabled"
              href="/admin/"
            >
              Admin
            </a>
          </li>
          <li>
            <a
              class="disabled"
              href="/manage/"
            >
              Manage
            </a>
          </li>
          <li>
            <a
              class="disabled"
              href="/orders/"
            >
              Orders
            </a>
          </li>
        </ul>
      </nav>
    </div>
    <div
      id="icons"
    >
      <a
        href="/cart"
      >
        <img
          alt=""
          src="test-file-stub"
        />
      </a>
      <a
        href="/profile"
      >
        <img
          alt=""
          src="test-file-stub"
        />
      </a>
      <button>
        <a
          href="/logout"
        >
          Log Out
        </a>
      </button>
    </div>
  </div>
</DocumentFragment>
`;
