// Jest Snapshot v1, https://goo.gl/fbAQLP

exports[`Form component matches the snapshot 1`] = `
<DocumentFragment>
  <div
    id="log"
  >
    <div
      id="form"
    >
      <h1>
        Log In to EATLY
      </h1>
      <div
        id="foreign-log"
      >
        <button
          id="google"
        >
          <img
            alt=""
            src="test-file-stub"
          />
        </button>
        <button
          id="git-hub"
        >
          <img
            alt=""
            src="test-file-stub"
          />
        </button>
      </div>
      <form>
        <div
          id="inputs"
        >
          <div
            id="input"
          >
            <input
              placeholder="USERNAME"
              type="text"
              value=""
            />
          </div>
          <div />
          <div />
          <div
            id="input"
          >
            <input
              placeholder="PASSWORD"
              type="password"
              value=""
            />
            <img
              alt=""
              src="test-file-stub"
              style="width: 30px; cursor: pointer;"
            />
          </div>
          <div />
        </div>
        <div
          id="action"
        >
          <p
            class="auth-error"
          />
          <button
            type="submit"
          >
            Log In
          </button>
          <p
            class="another"
          >
            Don't have an account? 
            <a
              href="/register"
            >
              Sign Up
            </a>
          </p>
        </div>
      </form>
      <div
        id="login-footer"
      >
        <a
          href="/privacy-policy"
        >
          Privacy Policy
        </a>
        <p>
          Made by shadowind in 2024
        </p>
      </div>
    </div>
    <div
      id="decor"
    >
      <div
        class="slider_style"
        data-autoplay="false"
        data-infinite="false"
        data-slider="chiefslider"
        id="slider"
      >
        <div
          class="slider__container"
        >
          <div
            class="slider__wrapper"
          >
            <div
              class="slider__items"
            >
              <div
                class="slider__item"
                data-index="0"
                data-order="0"
                data-translate="0"
              >
                <div
                  class="slider__item-container"
                >
                  <div
                    class="slider__item-content"
                  >
                    <div
                      id="second"
                    >
                      <img
                        alt=""
                        class="plate"
                        src="undefined/media/img/food/ChikenHellPro.png"
                      />
                      <div
                        class="bg"
                      />
                      <div
                        class="grafic"
                      >
                        <nav
                          id="up"
                        >
                          <p
                            class="main"
                          >
                            Main
                          </p>
                          <p>
                            Weekly
                          </p>
                          <p>
                            Monthly
                          </p>
                          <p>
                            Yearly
                          </p>
                        </nav>
                        <div>
                          <img
                            alt=""
                            class="g"
                            src="undefined/media/img/vectors/grafic.svg"
                          />
                          <img
                            alt=""
                            class="l"
                            src="undefined/media/img/vectors/lines.svg"
                          />
                          <img
                            alt=""
                            class="p"
                            src="undefined/media/img/vectors/point.svg"
                          />
                        </div>
                        <nav
                          id="down"
                        >
                          <p
                            class="main"
                          >
                            2 days
                          </p>
                          <p>
                            4 days
                          </p>
                          <p>
                            10 days
                          </p>
                        </nav>
                      </div>
                      <div
                        class="chicken-hell"
                      >
                        <div>
                          <img
                            alt=""
                            src="undefined/media/img/food/ChikenHellPro.png"
                          />
                          <div>
                            <h4>
                              Chicken Hell
                            </h4>
                            <h5>
                              On The Way
                            </h5>
                          </div>
                        </div>
                        <p>
                          3:09 PM
                        </p>
                      </div>
                    </div>
                    <h1>
                      Find Foods With Love
                    </h1>
                    <p>
                      Eatly Is The Food Delivery Dashboard And Having More Than 2K+ Dishes Including Asian, Chinese, Italians And Many More. Our Dashboard Helps You To Manage Orders And Money.
                    </p>
                  </div>
                </div>
              </div>
              <div
                class="slider__item"
                data-index="1"
                data-order="1"
                data-translate="0"
              >
                <div
                  class="slider__item-container"
                >
                  <div
                    class="slider__item-content"
                  >
                    <div
                      id="second"
                    >
                      <img
                        alt=""
                        class="plate"
                        src="undefined/media/img/food/ChikenHellPro.png"
                      />
                      <div
                        class="bg"
                      />
                      <div
                        class="grafic"
                      >
                        <nav
                          id="up"
                        >
                          <p
                            class="main"
                          >
                            Main
                          </p>
                          <p>
                            Weekly
                          </p>
                          <p>
                            Monthly
                          </p>
                          <p>
                            Yearly
                          </p>
                        </nav>
                        <div>
                          <img
                            alt=""
                            class="g"
                            src="undefined/media/img/vectors/grafic.svg"
                          />
                          <img
                            alt=""
                            class="l"
                            src="undefined/media/img/vectors/lines.svg"
                          />
                          <img
                            alt=""
                            class="p"
                            src="undefined/media/img/vectors/point.svg"
                          />
                        </div>
                        <nav
                          id="down"
                        >
                          <p
                            class="main"
                          >
                            2 days
                          </p>
                          <p>
                            4 days
                          </p>
                          <p>
                            10 days
                          </p>
                        </nav>
                      </div>
                      <div
                        class="chicken-hell"
                      >
                        <div>
                          <img
                            alt=""
                            src="undefined/media/img/food/ChikenHellPro.png"
                          />
                          <div>
                            <h4>
                              Chicken Hell
                            </h4>
                            <h5>
                              On The Way
                            </h5>
                          </div>
                        </div>
                        <p>
                          3:09 PM
                        </p>
                      </div>
                    </div>
                    <h1>
                      Find Foods With Love
                    </h1>
                    <p>
                      Eatly Is The Food Delivery Dashboard And Having More Than 2K+ Dishes Including Asian, Chinese, Italians And Many More. Our Dashboard Helps You To Manage Orders And Money.
                    </p>
                  </div>
                </div>
              </div>
              <div
                class="slider__item"
                data-index="2"
                data-order="-1"
                data-translate="-300"
                style="transform: translateX(-300%);"
              >
                <div
                  class="slider__item-container"
                >
                  <div
                    class="slider__item-content"
                  >
                    <div
                      id="second"
                    >
                      <img
                        alt=""
                        class="plate"
                        src="undefined/media/img/food/ChikenHellPro.png"
                      />
                      <div
                        class="bg"
                      />
                      <div
                        class="grafic"
                      >
                        <nav
                          id="up"
                        >
                          <p
                            class="main"
                          >
                            Main
                          </p>
                          <p>
                            Weekly
                          </p>
                          <p>
                            Monthly
                          </p>
                          <p>
                            Yearly
                          </p>
                        </nav>
                        <div>
                          <img
                            alt=""
                            class="g"
                            src="undefined/media/img/vectors/grafic.svg"
                          />
                          <img
                            alt=""
                            class="l"
                            src="undefined/media/img/vectors/lines.svg"
                          />
                          <img
                            alt=""
                            class="p"
                            src="undefined/media/img/vectors/point.svg"
                          />
                        </div>
                        <nav
                          id="down"
                        >
                          <p
                            class="main"
                          >
                            2 days
                          </p>
                          <p>
                            4 days
                          </p>
                          <p>
                            10 days
                          </p>
                        </nav>
                      </div>
                      <div
                        class="chicken-hell"
                      >
                        <div>
                          <img
                            alt=""
                            src="undefined/media/img/food/ChikenHellPro.png"
                          />
                          <div>
                            <h4>
                              Chicken Hell
                            </h4>
                            <h5>
                              On The Way
                            </h5>
                          </div>
                        </div>
                        <p>
                          3:09 PM
                        </p>
                      </div>
                    </div>
                    <h1>
                      Find Foods With Love
                    </h1>
                    <p>
                      Eatly Is The Food Delivery Dashboard And Having More Than 2K+ Dishes Including Asian, Chinese, Italians And Many More. Our Dashboard Helps You To Manage Orders And Money.
                    </p>
                  </div>
                </div>
              </div>
            </div>
          </div>
        </div>
        <ol
          class="slider__indicators"
        >
          <li
            data-slide-to="0"
          />
          <li
            data-slide-to="1"
          />
          <li
            data-slide-to="2"
          />
        </ol>
      </div>
    </div>
  </div>
</DocumentFragment>
`;
