// Jest Snapshot v1, https://goo.gl/fbAQLP

exports[`Menu component matches the snapshot 1`] = `
<DocumentFragment>
  <div
    id="menu"
  >
    <div
      class="base-header"
    >
      <img
        alt=""
        id="load-img"
        src="test-file-stub"
      />
    </div>
    <div
      class="header "
    >
      <img
        alt=""
        id="load-img"
        src="test-file-stub"
      />
    </div>
    <div
      class="container"
      id="main-div"
    >
      <div
        id="ad-search"
      >
        <div
          id="ad-slider"
        >
          <div
            class="slider_style"
            data-autoplay="false"
            data-infinite="false"
            data-slider="chiefslider"
            id="slider"
          >
            <div
              class="slider__container"
            >
              <div
                class="slider__wrapper"
              >
                <div
                  class="slider__items"
                >
                  <div
                    class="slider__item"
                    data-index="0"
                    data-order="0"
                    data-translate="0"
                  >
                    <div
                      class="slider__item-container"
                    >
                      <div
                        class="slider__item-content"
                        style="background-image: url(undefined/media/img/ads/bg1.png);"
                      >
                        <h2>
                          50% OFF
                        </h2>
                        <h3>
                          WEEKEND
                        </h3>
                        <img
                          alt="50% OFF"
                          src="undefined/media/img/ads/img1.png"
                        />
                      </div>
                    </div>
                  </div>
                  <div
                    class="slider__item"
                    data-index="1"
                    data-order="1"
                    data-translate="0"
                  >
                    <div
                      class="slider__item-container"
                    >
                      <div
                        class="slider__item-content"
                        style="background-image: url(undefined/media/img/ads/bg1.png);"
                      >
                        <h2>
                          50% OFF
                        </h2>
                        <h3>
                          WEEKEND
                        </h3>
                        <img
                          alt="50% OFF"
                          src="undefined/media/img/ads/img1.png"
                        />
                      </div>
                    </div>
                  </div>
                  <div
                    class="slider__item"
                    data-index="2"
                    data-order="-1"
                    data-translate="-300"
                    style="transform: translateX(-300%);"
                  >
                    <div
                      class="slider__item-container"
                    >
                      <div
                        class="slider__item-content"
                        style="background-image: url(undefined/media/img/ads/bg1.png);"
                      >
                        <h2>
                          50% OFF
                        </h2>
                        <h3>
                          WEEKEND
                        </h3>
                        <img
                          alt="50% OFF"
                          src="undefined/media/img/ads/img1.png"
                        />
                      </div>
                    </div>
                  </div>
                </div>
              </div>
            </div>
            <ol
              class="slider__indicators"
            >
              <li
                data-slide-to="0"
              />
              <li
                data-slide-to="1"
              />
              <li
                data-slide-to="2"
              />
            </ol>
          </div>
        </div>
        <div
          id="search"
        >
          <form>
            <input
              data-testid="search-input"
              placeholder="Search..."
              type="text"
              value=""
            />
            <button
              data-testid="search-btn"
              type="submit"
            >
              Search
            </button>
          </form>
          <div
            id="search-btns"
          >
            <button
              class="active"
              data-testid="SM-food"
              id="food-search"
            >
              Food
            </button>
            <button
              class="passive"
              data-testid="SM-rests"
              id="rest-search"
            >
              Restaurants
            </button>
          </div>
        </div>
      </div>
      <div
        id="sort-filter"
      >
        <div
          class="categories"
        >
          <h4>
            Category
          </h4>
          <div
            class="category-filter"
          >
            <div
              class="cat-div"
              id="fastfood"
            >
              <img
                alt=""
                src="undefined/media/img/cats/category-1.svg"
              />
              <p>
                Fast Food
              </p>
            </div>
            <div
              class="cat-div"
              id="asian"
            >
              <img
                alt=""
                src="undefined/media/img/cats/category-2.svg"
              />
              <p>
                Asian
              </p>
            </div>
            <div
              class="cat-div"
              id="meat"
            >
              <img
                alt=""
                src="undefined/media/img/cats/category-3.svg"
              />
              <p>
                Meat
              </p>
            </div>
            <div
              id="select"
            >
              <p
                class="other"
              >
                Other categories
              </p>
              <div
                class=" css-b62m3t-container"
              >
                <span
                  class="css-1f43avz-a11yText-A11yText"
                  id="react-select-5-live-region"
                />
                <span
                  aria-atomic="false"
                  aria-live="polite"
                  aria-relevant="additions text"
                  class="css-1f43avz-a11yText-A11yText"
                  role="log"
                />
                <div
                  class=" css-10myvrg-control"
                >
                  <div
                    class=" css-hlgwow"
                  >
                    <div
                      class=" css-1jqq78o-placeholder"
                      id="react-select-5-placeholder"
                    >
                      ...
                    </div>
                    <div
                      class=" css-19bb58m"
                      data-value=""
                    >
                      <input
                        aria-activedescendant=""
                        aria-autocomplete="list"
                        aria-describedby="react-select-5-placeholder"
                        aria-expanded="false"
                        aria-haspopup="true"
                        autocapitalize="none"
                        autocomplete="off"
                        autocorrect="off"
                        class=""
                        id="react-select-5-input"
                        role="combobox"
                        spellcheck="false"
                        style="opacity: 1; width: 100%; grid-area: 1 / 2; min-width: 2px; border: 0px; margin: 0px; outline: 0; padding: 0px;"
                        tabindex="0"
                        type="text"
                        value=""
                      />
                    </div>
                  </div>
                  <div
                    class=" css-1wy0on6"
                  >
                    <span
                      class=" css-1uei4ir-indicatorSeparator"
                    />
                    <div
                      aria-hidden="true"
                      class=" css-31haax-indicatorContainer"
                    >
                      <svg
                        aria-hidden="true"
                        class="css-tj5bde-Svg"
                        focusable="false"
                        height="20"
                        viewBox="0 0 20 20"
                        width="20"
                      >
                        <path
                          d="M4.516 7.548c0.436-0.446 1.043-0.481 1.576 0l3.908 3.747 3.908-3.747c0.533-0.481 1.141-0.446 1.574 0 0.436 0.445 0.408 1.197 0 1.615-0.406 0.418-4.695 4.502-4.695 4.502-0.217 0.223-0.502 0.335-0.787 0.335s-0.57-0.112-0.789-0.335c0 0-4.287-4.084-4.695-4.502s-0.436-1.17 0-1.615z"
                        />
                      </svg>
                    </div>
                  </div>
                </div>
              </div>
            </div>
          </div>
        </div>
        <div
          id="sorting"
        >
          <h4>
            Sorting
          </h4>
          <div
            id="sort-selects"
          >
            <div
              class="sort-select"
            >
              <p>
                Sort method
              </p>
              <div
                class=" css-b62m3t-container"
              >
                <span
                  class="css-1f43avz-a11yText-A11yText"
                  id="react-select-6-live-region"
                />
                <span
                  aria-atomic="false"
                  aria-live="polite"
                  aria-relevant="additions text"
                  class="css-1f43avz-a11yText-A11yText"
                  role="log"
                />
                <div
                  class=" css-1v6t54t-control"
                >
                  <div
                    class=" css-hlgwow"
                  >
                    <div
                      class=" css-1dimb5e-singleValue"
                    >
                      A-Z
                    </div>
                    <div
                      class=" css-19bb58m"
                      data-value=""
                    >
                      <input
                        aria-activedescendant=""
                        aria-autocomplete="list"
                        aria-expanded="false"
                        aria-haspopup="true"
                        autocapitalize="none"
                        autocomplete="off"
                        autocorrect="off"
                        class=""
                        id="react-select-6-input"
                        role="combobox"
                        spellcheck="false"
                        style="opacity: 1; width: 100%; grid-area: 1 / 2; min-width: 2px; border: 0px; margin: 0px; outline: 0; padding: 0px;"
                        tabindex="0"
                        type="text"
                        value=""
                      />
                    </div>
                  </div>
                  <div
                    class=" css-1wy0on6"
                  >
                    <span
                      class=" css-1u9des2-indicatorSeparator"
                    />
                    <div
                      aria-hidden="true"
                      class=" css-1xc3v61-indicatorContainer"
                    >
                      <svg
                        aria-hidden="true"
                        class="css-tj5bde-Svg"
                        focusable="false"
                        height="20"
                        viewBox="0 0 20 20"
                        width="20"
                      >
                        <path
                          d="M4.516 7.548c0.436-0.446 1.043-0.481 1.576 0l3.908 3.747 3.908-3.747c0.533-0.481 1.141-0.446 1.574 0 0.436 0.445 0.408 1.197 0 1.615-0.406 0.418-4.695 4.502-4.695 4.502-0.217 0.223-0.502 0.335-0.787 0.335s-0.57-0.112-0.789-0.335c0 0-4.287-4.084-4.695-4.502s-0.436-1.17 0-1.615z"
                        />
                      </svg>
                    </div>
                  </div>
                </div>
              </div>
            </div>
            <div
              class="sort-select"
            >
              <p>
                Sort direction
              </p>
              <div
                class=" css-b62m3t-container"
              >
                <span
                  class="css-1f43avz-a11yText-A11yText"
                  id="react-select-7-live-region"
                />
                <span
                  aria-atomic="false"
                  aria-live="polite"
                  aria-relevant="additions text"
                  class="css-1f43avz-a11yText-A11yText"
                  role="log"
                />
                <div
                  class=" css-1v6t54t-control"
                >
                  <div
                    class=" css-hlgwow"
                  >
                    <div
                      class=" css-1dimb5e-singleValue"
                    >
                      Ascending
                    </div>
                    <div
                      class=" css-19bb58m"
                      data-value=""
                    >
                      <input
                        aria-activedescendant=""
                        aria-autocomplete="list"
                        aria-expanded="false"
                        aria-haspopup="true"
                        autocapitalize="none"
                        autocomplete="off"
                        autocorrect="off"
                        class=""
                        id="react-select-7-input"
                        role="combobox"
                        spellcheck="false"
                        style="opacity: 1; width: 100%; grid-area: 1 / 2; min-width: 2px; border: 0px; margin: 0px; outline: 0; padding: 0px;"
                        tabindex="0"
                        type="text"
                        value=""
                      />
                    </div>
                  </div>
                  <div
                    class=" css-1wy0on6"
                  >
                    <span
                      class=" css-1u9des2-indicatorSeparator"
                    />
                    <div
                      aria-hidden="true"
                      class=" css-1xc3v61-indicatorContainer"
                    >
                      <svg
                        aria-hidden="true"
                        class="css-tj5bde-Svg"
                        focusable="false"
                        height="20"
                        viewBox="0 0 20 20"
                        width="20"
                      >
                        <path
                          d="M4.516 7.548c0.436-0.446 1.043-0.481 1.576 0l3.908 3.747 3.908-3.747c0.533-0.481 1.141-0.446 1.574 0 0.436 0.445 0.408 1.197 0 1.615-0.406 0.418-4.695 4.502-4.695 4.502-0.217 0.223-0.502 0.335-0.787 0.335s-0.57-0.112-0.789-0.335c0 0-4.287-4.084-4.695-4.502s-0.436-1.17 0-1.615z"
                        />
                      </svg>
                    </div>
                  </div>
                </div>
              </div>
            </div>
          </div>
        </div>
        <div
          id="cost-filter"
        >
          <h4>
            Cost range
          </h4>
          <input
            class="range-slider-input "
            max="90"
            min="0"
            type="range"
            value="20"
          />
          <ul>
            <li>
              $0
            </li>
            <li>
              $10
            </li>
            <li>
              $20
            </li>
            <li>
              $30
            </li>
            <li>
              $40
            </li>
            <li>
              $50
            </li>
            <li>
              $60
            </li>
            <li>
              $70
            </li>
            <li>
              $80
            </li>
            <li>
              $90
            </li>
          </ul>
        </div>
        <button>
          Filter
        </button>
      </div>
    </div>
    <div
      data-testid="mock-rests"
    />
    <div
      data-testid="mock-dishes"
    />
    <div
      id="footer"
    >
      <div
        id="up-footer"
      >
        <div
          id="foot-logo"
        >
          <a
            href="/"
          >
            <img
              alt=""
              src="undefined/media/img/Logo.svg"
            />
            <h4>
              eatly
            </h4>
          </a>
        </div>
        <div
          id="foot-nav"
        >
          <ul>
            <li>
              <a
                href="/blog"
              >
                Blog
              </a>
            </li>
            <li>
              <a
                href="/pricing"
              >
                Pricing
              </a>
            </li>
            <li>
              <a
                href="/about"
              >
                About Us
              </a>
            </li>
            <li>
              <a
                href="/contact"
              >
                Contact
              </a>
            </li>
          </ul>
        </div>
      </div>
      <div
        id="bot-footer"
      >
        <div
          id="copy"
        >
          <p>
            Made by shadowind in 2024
          </p>
        </div>
        <div
          id="contacts"
        >
          <img
            alt=""
            id="inst"
            src="test-file-stub"
          />
          <img
            alt=""
            src="test-file-stub"
          />
          <img
            alt=""
            src="test-file-stub"
          />
          <img
            alt=""
            src="test-file-stub"
          />
        </div>
      </div>
    </div>
  </div>
</DocumentFragment>
`;
