// Jest Snapshot v1, https://goo.gl/fbAQLP

exports[`Profile component -> Profile matches the snapshot 1`] = `
<DocumentFragment>
  <div
    id="profile-content-profile"
  >
    <div
      id="first"
    >
      <div
        id="profile"
      >
        <div
          id="profile-info"
        >
          <div
            id="photo-name"
          >
            <img
              alt=""
              id="user-img"
              src="test-file-stub"
            />
            <div
              id="top-info"
            >
              <h3>
                Username: 
                <span>
                  shadowind
                </span>
              </h3>
              <p>
                Name: 
                <span>
                  Peter
                </span>
              </p>
            </div>
          </div>
          <div
            id="others"
          >
            <div>
              <img
                alt=""
                src="test-file-stub"
              />
              <p>
                ID: 
                <span>
                  1
                </span>
              </p>
            </div>
            <div>
              <img
                alt=""
                src="test-file-stub"
              />
              <p>
                Email: 
                <span>
                  shadowind797@gmail.com
                </span>
              </p>
            </div>
            <div>
              <img
                alt=""
                src="test-file-stub"
              />
              <p>
                Phone: 
                <span>
                  +375666999
                </span>
              </p>
            </div>
          </div>
        </div>
        <div
          id="profile-actions"
        >
          <button
            id="change-pass"
          >
            <img
              alt="Change password"
              src="test-file-stub"
            />
            <p>
              Change password
            </p>
          </button>
          <button
            id="logout"
          >
            <img
              alt="Log out"
              src="test-file-stub"
            />
            <p>
              Log out
            </p>
          </button>
          <button
            class="disabled"
            id="delete-acc"
          >
            <img
              alt="Delete account"
              src="test-file-stub"
            />
            <p>
              Delete account
            </p>
          </button>
        </div>
      </div>
      <h2>
        Your latest orders
      </h2>
      <div
        id="last-orders"
      >
        <div
          id="order-card"
        >
          <div
            class="head"
          >
            <p>
              04.09 09:19
            </p>
            <p
              class="last"
            >
              In progress
            </p>
          </div>
          <div
            class="info"
          >
            <div
              id="rest"
            >
              <img
                alt=""
                src=""
              />
              <h3>
                Mc'Donalds
              </h3>
            </div>
            <h3>
              4 dishes
            </h3>
            <h3
              class="order-total"
            >
              $64.86
            </h3>
          </div>
        </div>
        <div
          id="order-card"
        >
          <div
            class="head"
          >
            <p>
              03.09 11:50
            </p>
            <p
              class="last"
            >
              In progress
            </p>
          </div>
          <div
            class="info"
          >
            <div
              id="rest"
            >
              <img
                alt=""
                src=""
              />
              <h3>
                Evos
              </h3>
            </div>
            <h3>
              1 dishes
            </h3>
            <h3
              class="order-total"
            >
              $24.19
            </h3>
          </div>
        </div>
        <div
          id="order-card"
        >
          <div
            class="head"
          >
            <p>
              03.09 11:46
            </p>
            <p
              class="last"
            >
              In progress
            </p>
          </div>
          <div
            class="info"
          >
            <div
              id="rest"
            >
              <img
                alt=""
                src=""
              />
              <h3>
                #Farsh
              </h3>
            </div>
            <h3>
              1 dishes
            </h3>
            <h3
              class="order-total"
            >
              $20.89
            </h3>
          </div>
        </div>
      </div>
    </div>
    <div
      id="statistics"
    >
      <div>
        <h2>
          Unlock spending statistics
        </h2>
        <h3>
          <span
            id="wt"
          >
            with
          </span>
           EATLY 
          <span
            id="prem"
          >
            Premium
          </span>
        </h3>
      </div>
    </div>
  </div>
</DocumentFragment>
`;
