// Jest Snapshot v1, https://goo.gl/fbAQLP

exports[`Restaurant component matches the snapshot 1`] = `
<DocumentFragment>
  <div
    class="rest-card"
  >
    <img
      alt=""
      class="rest-img"
      src="undefinedhttp://127.0.0.1:8000/media/img/rests/mcdonalds.jpg"
    />
    <div
      class="info"
    >
      <div
        class="cat"
        style="background-color: rgb(247, 237, 208); color: rgb(218, 163, 26);"
      >
        Supreme
      </div>
      <div
        class="text"
      >
        <h4>
          The Burger King
        </h4>
        <div
          class="widgets"
        >
          <div
            class="time-rating"
          >
            <p>
              45 dishes
            </p>
            <div>
              <img
                alt=""
                src="test-file-stub"
              />
              <p>
                4.9
              </p>
            </div>
          </div>
          <button>
            <img
              alt=""
              src="test-file-stub"
            />
          </button>
        </div>
      </div>
    </div>
  </div>
</DocumentFragment>
`;
