// Jest Snapshot v1, https://goo.gl/fbAQLP

exports[`Restaurant component matches the snapshot 1`] = `
<DocumentFragment>
  <div
    class="rest-card"
  >
    <img
      alt=""
      class="rest-img"
      src="undefinedhttp://127.0.0.1:8000/media/img/rests/mcdonalds.jpg"
    />
    <div
      class="info"
    >
      <div
        class="cat"
        style="background-color: rgb(247, 197, 186); color: rgb(251, 71, 29);"
      >
        Trending
      </div>
      <div
        class="text"
      >
        <h4>
          The Burger King
        </h4>
        <div
          class="widgets"
        >
          <div
            class="time-rating"
          >
            <p>
              ~30min
            </p>
            <div>
              <img
                alt=""
                src="undefined/media/img/Star.svg"
              />
              <p>
                4.9
              </p>
            </div>
          </div>
          <button>
            <img
              alt=""
              src="undefined/media/img/Bookmark.svg"
            />
          </button>
        </div>
      </div>
    </div>
  </div>
</DocumentFragment>
`;
