// Jest Snapshot v1, https://goo.gl/fbAQLP

exports[`Top-Dishes component matches the snapshot 1`] = `
<DocumentFragment>
  <div
    class="container"
    id="top-dishes"
  >
    <h2>
      Our Top 
      <span>
        Dishes
      </span>
    </h2>
    <div
      class="tops"
    >
      <div
        class="dish"
      >
        <img
          alt=""
          class="photo"
          src="undefined/media/img/food/foodimg1.png"
        />
        <img
          alt=""
          class="like"
          src="test-file-stub"
        />
        <div
          class="info"
        >
          <div
            class="item-cat"
          >
            <div
              style="background-color: rgba(199, 158, 236, 0.59); color: rgb(221, 29, 251);"
            >
              Desserts
            </div>
            <h4>
              Cookie
            </h4>
          </div>
          <div
            class="time-rating"
          >
            <p
              class="rest"
            >
              Mc'Donalds
            </p>
            <div>
              <p
                data-testid="item-rate"
              >
                5
              </p>
              <img
                alt=""
                src="test-file-stub"
              />
            </div>
          </div>
          <div
            class="price-add"
          >
            <h5
              data-testid="item-cost"
            >
              12
              <span>
                .99
              </span>
            </h5>
            <button
              data-testid="add-to-cart-button"
            >
              <img
                alt=""
                src="test-file-stub"
              />
            </button>
          </div>
        </div>
      </div>
      <div
        class="dish"
      >
        <img
          alt=""
          class="photo"
          src="undefined/media/img/food/SweDish.png"
        />
        <img
          alt=""
          class="like"
          src="test-file-stub"
        />
        <div
          class="info"
        >
          <div
            class="item-cat"
          >
            <div
              style="background-color: rgba(203, 135, 111, 0.59); color: rgb(251, 107, 29);"
            >
              Meat
            </div>
            <h4>
              Swe Dish
            </h4>
          </div>
          <div
            class="time-rating"
          >
            <p
              class="rest"
            >
              KFC
            </p>
            <div>
              <p
                data-testid="item-rate"
              >
                4.9
              </p>
              <img
                alt=""
                src="test-file-stub"
              />
            </div>
          </div>
          <div
            class="price-add"
          >
            <h5
              data-testid="item-cost"
            >
              19
              <span>
                .99
              </span>
            </h5>
            <button
              data-testid="add-to-cart-button"
            >
              <img
                alt=""
                src="test-file-stub"
              />
            </button>
          </div>
        </div>
      </div>
      <div
        class="dish"
      >
        <img
          alt=""
          class="photo"
          src="undefined/media/img/food/foodimg1.png"
        />
        <img
          alt=""
          class="like"
          src="test-file-stub"
        />
        <div
          class="info"
        >
          <div
            class="item-cat"
          >
            <div
              style="background-color: rgba(203, 135, 111, 0.59); color: rgb(251, 107, 29);"
            >
              Meat
            </div>
            <h4>
              Steak
            </h4>
          </div>
          <div
            class="time-rating"
          >
            <p
              class="rest"
            >
              Mc'Donalds
            </p>
            <div>
              <p
                data-testid="item-rate"
              >
                4.9
              </p>
              <img
                alt=""
                src="test-file-stub"
              />
            </div>
          </div>
          <div
            class="price-add"
          >
            <h5
              data-testid="item-cost"
            >
              14
              <span>
                .99
              </span>
            </h5>
            <button
              data-testid="add-to-cart-button"
            >
              <img
                alt=""
                src="test-file-stub"
              />
            </button>
          </div>
        </div>
      </div>
      <div
        class="dish"
      >
        <img
          alt=""
          class="photo"
          src="undefined/media/img/food/ChikenHell.png"
        />
        <img
          alt=""
          class="like"
          src="test-file-stub"
        />
        <div
          class="info"
        >
          <div
            class="item-cat"
          >
            <div
              style="background-color: rgb(247, 197, 186); color: rgb(251, 71, 29);"
            >
              Fast Food
            </div>
            <h4>
              Cheeseburger
            </h4>
          </div>
          <div
            class="time-rating"
          >
            <p
              class="rest"
            >
              Mc'Donalds
            </p>
            <div>
              <p
                data-testid="item-rate"
              >
                4.9
              </p>
              <img
                alt=""
                src="test-file-stub"
              />
            </div>
          </div>
          <div
            class="price-add"
          >
            <h5
              data-testid="item-cost"
            >
              14
              <span>
                .99
              </span>
            </h5>
            <button
              data-testid="add-to-cart-button"
            >
              <img
                alt=""
                src="test-file-stub"
              />
            </button>
          </div>
        </div>
      </div>
      <div
        class="dish"
      >
        <img
          alt=""
          class="photo"
          src="undefined/media/img/food/ChikenHell.png"
        />
        <img
          alt=""
          class="like"
          src="test-file-stub"
        />
        <div
          class="info"
        >
          <div
            class="item-cat"
          >
            <div
              style="background-color: rgba(238, 0, 255, 0.32); color: rgb(255, 0, 242);"
            >
              Asian
            </div>
            <h4>
              Chicken Hell
            </h4>
          </div>
          <div
            class="time-rating"
          >
            <p
              class="rest"
            >
              The Chicken King
            </p>
            <div>
              <p
                data-testid="item-rate"
              >
                4.8
              </p>
              <img
                alt=""
                src="test-file-stub"
              />
            </div>
          </div>
          <div
            class="price-add"
          >
            <h5
              data-testid="item-cost"
            >
              12
              <span>
                .99
              </span>
            </h5>
            <button
              data-testid="add-to-cart-button"
            >
              <img
                alt=""
                src="test-file-stub"
              />
            </button>
          </div>
        </div>
      </div>
    </div>
    <div
      class="view-all"
    >
      <a
        href="/menu"
      >
        <p>
          View All
        </p>
        <img
          alt=""
          src="test-file-stub"
        />
      </a>
    </div>
  </div>
</DocumentFragment>
`;
