// Jest Snapshot v1, https://goo.gl/fbAQLP

exports[`Top-Restaurants component matches the snapshot 1`] = `
<DocumentFragment>
  <div
    class="container"
    id="top-rests"
  >
    <h2>
      Our Top 
      <span>
        Restaurants
      </span>
    </h2>
    <div
      id="tops"
    >
      <div
        class="rest-card"
      >
        <img
          alt=""
          class="rest-img"
          src="undefinedhttp://127.0.0.1:8000/media/img/rests/mcdonalds.jpg"
        />
        <div
          class="info"
        >
          <div
            class="cat"
            style="background-color: rgb(247, 237, 208); color: rgb(218, 163, 26);"
          >
            The Burger King
          </div>
          <div
            class="text"
          >
            <h4>
              The Burger King
            </h4>
            <div
              class="widgets"
            >
              <div
                class="time-rating"
              >
                <p>
                  ~30min
                </p>
                <div>
                  <img
                    alt=""
                    src="undefined/media/img/Star.svg"
                  />
                  <p>
                    4.9
                  </p>
                </div>
              </div>
              <button>
                <img
                  alt=""
                  src="undefined/media/img/Bookmark.svg"
                />
              </button>
            </div>
          </div>
        </div>
      </div>
      <div
        class="rest-card"
      >
        <img
          alt=""
          class="rest-img"
          src="undefinedhttp://127.0.0.1:8000/media/img/rests/mcdonalds.jpg"
        />
        <div
          class="info"
        >
          <div
            class="cat"
          />
          <div
            class="text"
          >
            <h4>
              Maurice
            </h4>
            <div
              class="widgets"
            >
              <div
                class="time-rating"
              >
                <p>
                  ~30min
                </p>
                <div>
                  <img
                    alt=""
                    src="undefined/media/img/Star.svg"
                  />
                  <p>
                    4.9
                  </p>
                </div>
              </div>
              <button>
                <img
                  alt=""
                  src="undefined/media/img/Bookmark.svg"
                />
              </button>
            </div>
          </div>
        </div>
      </div>
      <div
        class="rest-card"
      >
        <img
          alt=""
          class="rest-img"
          src="undefinedhttp://127.0.0.1:8000/media/img/rests/burgerking.jpg"
        />
        <div
          class="info"
        >
          <div
            class="cat"
            style="background-color: rgb(247, 237, 208); color: rgb(218, 163, 26);"
          >
            The Chicken King
          </div>
          <div
            class="text"
          >
            <h4>
              The Chicken King
            </h4>
            <div
              class="widgets"
            >
              <div
                class="time-rating"
              >
                <p>
                  ~30min
                </p>
                <div>
                  <img
                    alt=""
                    src="undefined/media/img/Star.svg"
                  />
                  <p>
                    4.8
                  </p>
                </div>
              </div>
              <button>
                <img
                  alt=""
                  src="undefined/media/img/Bookmark.svg"
                />
              </button>
            </div>
          </div>
        </div>
      </div>
    </div>
    <div
      class="view-all"
    >
      <a
        href="#"
      >
        <p>
          View All
        </p>
        <img
          alt=""
          src="undefined/media/img/view-all.svg"
        />
      </a>
    </div>
  </div>
</DocumentFragment>
`;
